/bin/sh: 1: -v: not found
